// Jest Snapshot v1, https://goo.gl/fbAQLP

exports[`#render renders properly 1`] = `
<View
  style={
    Object {
      "height": "100%",
      "width": "100%",
    }
  }
>
  <Layer
    animation={
      Value {
        "value": 1,
      }
    }
    index={0}
  >
    some child
  </Layer>
  <Layer
    animation={
      Value {
        "value": 1,
      }
    }
    index={1}
  >
    another child
  </Layer>
</View>
`;
