// Jest Snapshot v1, https://goo.gl/fbAQLP

exports[`#render renders properly 1`] = `
<SwipeCatcher
  completeThreshold={0.5}
  direction="leftToRight"
  fun="prop"
  history={
    Object {
      "replace": [Function],
    }
  }
  location={
    Object {
      "the": "location",
    }
  }
  onGestureRelease={[Function]}
  onGestureTerminate={[Function]}
  onMove={[Function]}
  setAnimationValue={[Function]}
>
  <Child />
</SwipeCatcher>
`;
