// Jest Snapshot v1, https://goo.gl/fbAQLP

exports[`#render renders its children in a switch 1`] = `
<RouteStack
  shouldAnimatePath={[Function]}
>
  <Switch
    location={
      Object {
        "location": "stub",
      }
    }
  >
    <Child />
  </Switch>
</RouteStack>
`;
