// Jest Snapshot v1, https://goo.gl/fbAQLP

exports[`#render renders its children 1`] = `
<[object Object]
  value={
    Object {
      "index": 3,
      "interpolateAnimation": [Function],
      "setAnimationValue": [Function],
    }
  }
>
  <Child />
</[object Object]>
`;
