// Jest Snapshot v1, https://goo.gl/fbAQLP

exports[`renders its children with a wrapped router that is the outerRouter from context 1`] = `
<WrapRouter
  router={
    Object {
      "the": "outer router",
    }
  }
>
  <Child />
</WrapRouter>
`;
