// Jest Snapshot v1, https://goo.gl/fbAQLP

exports[`#render renders the children in state 1`] = `
<Child
  new="yes"
/>
`;
