// Jest Snapshot v1, https://goo.gl/fbAQLP

exports[`renders its children 1`] = `<Child />`;
